 ⨯ SyntaxError: Expected property name or '}' in JSON at position 1 (line 1 column 2)
    at JSON.parse (<anonymous>)
    at parseJSONFromBytes (node:internal/deps/undici/undici:5738:19)
    at successSteps (node:internal/deps/undici/undici:5719:27)
    at fullyReadBody (node:internal/deps/undici/undici:4609:9)
    at process.processTicksAndRejections (node:internal/process/task_queues:105:5)
    at async consumeBody (node:internal/deps/undici/undici:5728:7)
    at async POST (webpack-internal:///(rsc)/./src/app/api/chat/route.ts:7:18)
    at async D:\DeLu\寿仙谷\langgraph_product_dev\frontend\node_modules\next\dist\compiled\next-server\app-route.runtime.dev.js:6:57228
    at async eT.execute (D:\DeLu\寿仙谷\langgraph_product_dev\frontend\node_modules\next\dist\compiled\next-server\app-route.runtime.dev.js:6:46851)
    at async eT.handle (D:\DeLu\寿仙谷\langgraph_product_dev\frontend\node_modules\next\dist\compiled\next-server\app-route.runtime.dev.js:6:58760)
    at async doRender (D:\DeLu\寿仙谷\langgraph_product_dev\frontend\node_modules\next\dist\server\base-server.js:1366:42)
    at async cacheEntry.responseCache.get.routeKind (D:\DeLu\寿仙谷\langgraph_product_dev\frontend\node_modules\next\dist\server\base-server.js:1588:28)
    at async DevServer.renderToResponseWithComponentsImpl (D:\DeLu\寿仙谷\langgraph_product_dev\frontend\node_modules\next\dist\server\base-server.js:1496:28)
    at async DevServer.renderPageComponent (D:\DeLu\寿仙谷\langgraph_product_dev\frontend\node_modules\next\dist\server\base-server.js:1924:24)
    at async DevServer.renderToResponseImpl (D:\DeLu\寿仙谷\langgraph_product_dev\frontend\node_modules\next\dist\server\base-server.js:1962:32)
    at async DevServer.pipeImpl (D:\DeLu\寿仙谷\langgraph_product_dev\frontend\node_modules\next\dist\server\base-server.js:922:25)
    at async NextNodeServer.handleCatchallRenderRequest (D:\DeLu\寿仙谷\langgraph_product_dev\frontend\node_modules\next\dist\server\next-server.js:272:17)
    at async DevServer.handleRequestImpl (D:\DeLu\寿仙谷\langgraph_product_dev\frontend\node_modules\next\dist\server\base-server.js:818:17)
    at async D:\DeLu\寿仙谷\langgraph_product_dev\frontend\node_modules\next\dist\server\dev\next-dev-server.js:339:20
    at async Span.traceAsyncFn (D:\DeLu\寿仙谷\langgraph_product_dev\frontend\node_modules\next\dist\trace\trace.js:154:20)
    at async DevServer.handleRequest (D:\DeLu\寿仙谷\langgraph_product_dev\frontend\node_modules\next\dist\server\dev\next-dev-server.js:336:24)
    at async invokeRender (D:\DeLu\寿仙谷\langgraph_product_dev\frontend\node_modules\next\dist\server\lib\router-server.js:179:21)
    at async handleRequest (D:\DeLu\寿仙谷\langgraph_product_dev\frontend\node_modules\next\dist\server\lib\router-server.js:359:24)
    at async requestHandlerImpl (D:\DeLu\寿仙谷\langgraph_product_dev\frontend\node_modules\next\dist\server\lib\router-server.js:383:13)
    at async Server.requestListener (D:\DeLu\寿仙谷\langgraph_product_dev\frontend\node_modules\next\dist\server\lib\start-server.js:141:13)
^C^C