INFO:     Will watch for changes in these directories: ['D:\\DeLu\\ Ÿœ…π»\\langgraph_product_dev\\backend']
INFO:     Uvicorn running on http://0.0.0.0:9527 (Press CTRL+C to quit)
INFO:     Started reloader process [2632] using WatchFiles
INFO:     Started server process [11180]
INFO:     Waiting for application startup.
INFO:     Application startup complete.
INFO:watchfiles.main:1 change detected
ERROR:    Exception in ASGI application
Traceback (most recent call last):
  File "D:\yongjie\python\Lib\site-packages\uvicorn\protocols\http\httptools_impl.py", line 409, in run_asgi
    result = await app(  # type: ignore[func-returns-value]
             ^^^^^^^^^^^^^^^^^^^^^^^^^^^^^^^^^^^^^^^^^^^^^^
        self.scope, self.receive, self.send
        ^^^^^^^^^^^^^^^^^^^^^^^^^^^^^^^^^^^
    )
    ^
  File "D:\yongjie\python\Lib\site-packages\uvicorn\middleware\proxy_headers.py", line 60, in __call__
    return await self.app(scope, receive, send)
           ^^^^^^^^^^^^^^^^^^^^^^^^^^^^^^^^^^^^
  File "D:\yongjie\python\Lib\site-packages\fastapi\applications.py", line 1134, in __call__
    await super().__call__(scope, receive, send)
  File "D:\yongjie\python\Lib\site-packages\starlette\applications.py", line 107, in __call__
    await self.middleware_stack(scope, receive, send)
  File "D:\yongjie\python\Lib\site-packages\starlette\middleware\errors.py", line 186, in __call__
    raise exc
  File "D:\yongjie\python\Lib\site-packages\starlette\middleware\errors.py", line 164, in __call__
    await self.app(scope, receive, _send)
  File "D:\yongjie\python\Lib\site-packages\starlette\middleware\cors.py", line 85, in __call__
    await self.app(scope, receive, send)
  File "D:\yongjie\python\Lib\site-packages\starlette\middleware\exceptions.py", line 63, in __call__
    await wrap_app_handling_exceptions(self.app, conn)(scope, receive, send)
  File "D:\yongjie\python\Lib\site-packages\starlette\_exception_handler.py", line 53, in wrapped_app
    raise exc
  File "D:\yongjie\python\Lib\site-packages\starlette\_exception_handler.py", line 42, in wrapped_app
    await app(scope, receive, sender)
  File "D:\yongjie\python\Lib\site-packages\fastapi\middleware\asyncexitstack.py", line 18, in __call__
    await self.app(scope, receive, send)
  File "D:\yongjie\python\Lib\site-packages\starlette\routing.py", line 716, in __call__
    await self.middleware_stack(scope, receive, send)
  File "D:\yongjie\python\Lib\site-packages\starlette\routing.py", line 736, in app
    await route.handle(scope, receive, send)
  File "D:\yongjie\python\Lib\site-packages\starlette\routing.py", line 290, in handle
    await self.app(scope, receive, send)
  File "D:\yongjie\python\Lib\site-packages\fastapi\routing.py", line 125, in app
    await wrap_app_handling_exceptions(app, request)(scope, receive, send)
  File "D:\yongjie\python\Lib\site-packages\starlette\_exception_handler.py", line 53, in wrapped_app
    raise exc
  File "D:\yongjie\python\Lib\site-packages\starlette\_exception_handler.py", line 42, in wrapped_app
    await app(scope, receive, sender)
  File "D:\yongjie\python\Lib\site-packages\fastapi\routing.py", line 111, in app
    response = await f(request)
               ^^^^^^^^^^^^^^^^
  File "D:\yongjie\python\Lib\site-packages\fastapi\routing.py", line 391, in app
    raw_response = await run_endpoint_function(
                   ^^^^^^^^^^^^^^^^^^^^^^^^^^^^
    ...<3 lines>...
    )
    ^
  File "D:\yongjie\python\Lib\site-packages\fastapi\routing.py", line 290, in run_endpoint_function
    return await dependant.call(**values)
           ^^^^^^^^^^^^^^^^^^^^^^^^^^^^^^
  File "D:\DeLu\ Ÿœ…π»\langgraph_product_dev\backend\main.py", line 69, in chat_endpoint
    body = await request.json()
           ^^^^^^^^^^^^^^^^^^^^
  File "D:\yongjie\python\Lib\site-packages\starlette\requests.py", line 251, in json
    self._json = json.loads(body)
                 ~~~~~~~~~~^^^^^^
  File "D:\yongjie\python\Lib\json\__init__.py", line 346, in loads
    return _default_decoder.decode(s)
           ~~~~~~~~~~~~~~~~~~~~~~~^^^
  File "D:\yongjie\python\Lib\json\decoder.py", line 345, in decode
    obj, end = self.raw_decode(s, idx=_w(s, 0).end())
               ~~~~~~~~~~~~~~~^^^^^^^^^^^^^^^^^^^^^^^
  File "D:\yongjie\python\Lib\json\decoder.py", line 361, in raw_decode
    obj, end = self.scan_once(s, idx)
               ~~~~~~~~~~~~~~^^^^^^^^
json.decoder.JSONDecodeError: Expecting property name enclosed in double quotes: line 1 column 2 (char 1)
INFO:watchfiles.main:1 change detected
INFO:product_dev:[SSE] Start session=verify-backend input=test
INFO:httpx:HTTP Request: POST https://dashscope.aliyuncs.com/compatible-mode/v1/chat/completions "HTTP/1.1 200 OK"
INFO:product_dev:[SSE] node=router step=router
INFO:product_dev:[SSE] step_start: router
INFO:product_dev:[SSE] node=reject step=rejected
INFO:product_dev:[SSE] step_start: rejected
INFO:product_dev:[SSE] Complete total=2.9s docx=b7ea0288
INFO:product_dev:[SSE] Start session=verify-frontend input=test
INFO:watchfiles.main:1 change detected
INFO:httpx:HTTP Request: POST https://dashscope.aliyuncs.com/compatible-mode/v1/chat/completions "HTTP/1.1 200 OK"
INFO:product_dev:[SSE] node=router step=router
INFO:product_dev:[SSE] step_start: router
INFO:product_dev:[SSE] node=reject step=rejected
INFO:product_dev:[SSE] step_start: rejected
INFO:product_dev:[SSE] Complete total=0.5s docx=35c67bf8
INFO:watchfiles.main:2 changes detected
INFO:product_dev:[SSE] Start session=verify-frontend-2 input=test
INFO:httpx:HTTP Request: POST https://dashscope.aliyuncs.com/compatible-mode/v1/chat/completions "HTTP/1.1 200 OK"
INFO:product_dev:[SSE] node=router step=router
INFO:product_dev:[SSE] step_start: router
INFO:product_dev:[SSE] node=reject step=rejected
INFO:product_dev:[SSE] step_start: rejected
INFO:product_dev:[SSE] Complete total=0.6s docx=61253a7c
INFO:watchfiles.main:2 changes detected
INFO:watchfiles.main:1 change detected
WARNING:  WatchFiles detected changes in 'main.py'. Reloading...
INFO:     Shutting down
INFO:     Waiting for application shutdown.
INFO:     Application shutdown complete.
INFO:     Finished server process [11180]
INFO:watchfiles.main:1 change detected
INFO:     Started server process [40408]
INFO:     Waiting for application startup.
INFO:     Application startup complete.
INFO:watchfiles.main:6 changes detected
